// Jest Snapshot v1, https://goo.gl/fbAQLP

exports[`DatePicker should render component 1`] = `
<input
  autoComplete="off"
  className="TextInput-input-0-1-2 TextInput-input-0-1-2"
  data-qa="text-input"
  error=""
  id="unique-text-input"
  name=""
  onChange={[Function]}
  onFocus={[Function]}
  onKeyPress={[Function]}
  placeholder=""
  type="text"
  value=""
/>
`;

exports[`DatePicker should show week numbers 1`] = `
<thead>
  <tr>
    <td
      className="WeekDays-headerCell-0-1-34 WeekDays-weekHeader-0-1-35"
    >
      W
    </td>
    <td
      className="WeekDays-headerCell-0-1-34"
      key="day-1-S"
    >
      S
    </td>
    <td
      className="WeekDays-headerCell-0-1-34"
      key="day-2-M"
    >
      M
    </td>
    <td
      className="WeekDays-headerCell-0-1-34"
      key="day-3-T"
    >
      T
    </td>
    <td
      className="WeekDays-headerCell-0-1-34"
      key="day-4-W"
    >
      W
    </td>
    <td
      className="WeekDays-headerCell-0-1-34"
      key="day-5-T"
    >
      T
    </td>
    <td
      className="WeekDays-headerCell-0-1-34"
      key="day-6-F"
    >
      F
    </td>
    <td
      className="WeekDays-headerCell-0-1-34"
      key="day-7-S"
    >
      S
    </td>
  </tr>
</thead>
`;

exports[`DatePicker should update input with date range 1`] = `"20 Mar 2018–22 Mar 2018"`;

exports[`DatePicker should update input with date range with autoapply 1`] = `"20 Mar 2018–22 Mar 2018"`;
